\BOOKMARK [0][-]{chapter*.1}{\376\377\000S\000u\000m\000\341\000r\000i\000o}{}% 1
\BOOKMARK [0][-]{chapter.1}{\376\377\000I\000n\000t\000r\000o\000d\000u\000\347\000\343\000o}{}% 2
\BOOKMARK [1][-]{section.1.1}{\376\377\000P\000e\000r\000g\000u\000n\000t\000a\000\040\000d\000e\000\040\000p\000e\000s\000q\000u\000i\000s\000a\000\040\000e\000\040\000o\000b\000j\000e\000t\000i\000v\000o\000s}{chapter.1}% 3
\BOOKMARK [1][-]{section.1.2}{\376\377\000H\000i\000p\000\363\000t\000e\000s\000e\000s}{chapter.1}% 4
\BOOKMARK [1][-]{section.1.3}{\376\377\000E\000s\000t\000r\000u\000t\000u\000r\000a\000\040\000d\000a\000\040\000d\000i\000s\000s\000e\000r\000t\000a\000\347\000\343\000o}{chapter.1}% 5
\BOOKMARK [0][-]{chapter.2}{\376\377\000R\000e\000f\000e\000r\000e\000n\000c\000i\000a\000l\000\040\000T\000e\000\363\000r\000i\000c\000o\000\040\000e\000\040\000R\000e\000v\000i\000s\000\343\000o\000\040\000d\000e\000\040\000L\000i\000t\000e\000r\000a\000t\000u\000r\000a}{}% 6
\BOOKMARK [1][-]{section.2.1}{\376\377\000A\000s\000s\000i\000m\000e\000t\000r\000i\000a\000\040\000i\000n\000f\000o\000r\000m\000a\000c\000i\000o\000n\000a\000l\000\040\000e\000\040\000d\000i\000v\000u\000l\000g\000a\000\347\000\343\000o\000\040\000c\000o\000r\000p\000o\000r\000a\000t\000i\000v\000a}{chapter.2}% 7
\BOOKMARK [1][-]{section.2.2}{\376\377\000A\000t\000e\000n\000\347\000\343\000o\000\040\000l\000i\000m\000i\000t\000a\000d\000a\000\040\000e\000\040\000s\000u\000b\000-\000r\000e\000a\000\347\000\343\000o\000\040\000d\000o\000\040\000m\000e\000r\000c\000a\000d\000o}{chapter.2}% 8
\BOOKMARK [1][-]{section.2.3}{\376\377\000M\000u\000d\000a\000n\000\347\000a\000\040\000t\000e\000x\000t\000u\000a\000l\000\040\000c\000o\000m\000o\000\040\000s\000i\000n\000a\000l\000\040\000d\000e\000\040\000i\000n\000f\000o\000r\000m\000a\000\347\000\343\000o\000\040\000n\000o\000v\000a}{chapter.2}% 9
\BOOKMARK [1][-]{section.2.4}{\376\377\000D\000i\000v\000u\000l\000g\000a\000\347\000\343\000o\000\040\000d\000e\000\040\000d\000\355\000v\000i\000d\000a\000\040\000e\000\040\000r\000e\000s\000u\000l\000t\000a\000d\000o\000s\000\040\000d\000e\000\040\000m\000e\000r\000c\000a\000d\000o}{chapter.2}% 10
\BOOKMARK [1][-]{section.2.5}{\376\377\000P\000a\000n\000o\000r\000a\000m\000a\000\040\000b\000r\000a\000s\000i\000l\000e\000i\000r\000o\000\040\000e\000\040\000a\000\040\000l\000a\000c\000u\000n\000a\000\040\000q\000u\000e\000\040\000a\000\040\000p\000e\000s\000q\000u\000i\000s\000a\000\040\000o\000c\000u\000p\000a}{chapter.2}% 11
\BOOKMARK [0][-]{chapter.3}{\376\377\000M\000e\000t\000o\000d\000o\000l\000o\000g\000i\000a}{}% 12
\BOOKMARK [1][-]{section.3.1}{\376\377\000C\000o\000l\000e\000t\000a\000\040\000e\000\040\000e\000x\000t\000r\000a\000\347\000\343\000o\000\040\000d\000a\000s\000\040\000n\000o\000t\000a\000s\000\040\000e\000x\000p\000l\000i\000c\000a\000t\000i\000v\000a\000s}{chapter.3}% 13
\BOOKMARK [1][-]{section.3.2}{\376\377\000M\000e\000d\000i\000d\000a\000\040\000d\000e\000\040\000m\000u\000d\000a\000n\000\347\000a\000\040\000t\000e\000x\000t\000u\000a\000l\000\040\000\050\000T\000F\000-\000I\000D\000F\000\040\000e\000\040\000s\000i\000m\000i\000l\000a\000r\000i\000d\000a\000d\000e\000\040\000d\000e\000\040\000c\000o\000s\000s\000e\000n\000o\000\051}{chapter.3}% 14
\BOOKMARK [1][-]{section.3.3}{\376\377\000V\000a\000r\000i\000\341\000v\000e\000l\000\040\000d\000e\000p\000e\000n\000d\000e\000n\000t\000e\000:\000\040\000r\000e\000t\000o\000r\000n\000o\000\040\000a\000n\000o\000r\000m\000a\000l\000\040\000f\000u\000t\000u\000r\000o}{chapter.3}% 15
\BOOKMARK [1][-]{section.3.4}{\376\377\000V\000a\000r\000i\000\341\000v\000e\000i\000s\000\040\000d\000e\000\040\000c\000o\000n\000t\000r\000o\000l\000e\000:\000\040\000g\000r\000a\000d\000e\000\040\000M\0000\000-\000M\0003}{chapter.3}% 16
\BOOKMARK [1][-]{section.3.5}{\376\377\000M\000o\000d\000e\000l\000o\000\040\000e\000m\000p\000\355\000r\000i\000c\000o\000:\000\040\000e\000s\000p\000e\000c\000i\000f\000i\000c\000a\000\347\000\343\000o\000\040\000d\000e\000\040\000b\000a\000s\000e}{chapter.3}% 17
\BOOKMARK [1][-]{section.3.6}{\376\377\000I\000n\000t\000e\000r\000p\000r\000e\000t\000a\000\347\000\343\000o\000\040\000d\000a\000\040\000g\000r\000a\000d\000e\000\040\000d\000e\000\040\000c\000o\000n\000t\000r\000o\000l\000e\000s\000\040\000M\0000\000-\000M\0003}{chapter.3}% 18
\BOOKMARK [1][-]{section.3.7}{\376\377\000E\000s\000t\000r\000a\000t\000\351\000g\000i\000a\000\040\000d\000e\000\040\000i\000d\000e\000n\000t\000i\000f\000i\000c\000a\000\347\000\343\000o}{chapter.3}% 19
\BOOKMARK [1][-]{section.3.8}{\376\377\000A\000n\000\341\000l\000i\000s\000e\000\040\000c\000o\000m\000p\000l\000e\000m\000e\000n\000t\000a\000r\000:\000\040\000r\000e\000v\000i\000s\000\343\000o\000\040\000d\000e\000\040\000c\000o\000n\000s\000e\000n\000s\000o\000\040\000d\000e\000\040\000a\000n\000a\000l\000i\000s\000t\000a\000s\000\040\000\050\000H\0002\000\051}{chapter.3}% 20
\BOOKMARK [0][-]{chapter.4}{\376\377\000D\000e\000s\000c\000r\000i\000\347\000\343\000o\000\040\000d\000o\000s\000\040\000D\000a\000d\000o\000s\000\040\000e\000\040\000d\000a\000\040\000A\000m\000o\000s\000t\000r\000a}{}% 21
\BOOKMARK [1][-]{section.4.1}{\376\377\000A\000m\000o\000s\000t\000r\000a\000\040\000e\000\040\000p\000e\000r\000\355\000o\000d\000o}{chapter.4}% 22
\BOOKMARK [1][-]{section.4.2}{\376\377\000F\000o\000n\000t\000e\000s\000\040\000d\000e\000\040\000d\000a\000d\000o\000s}{chapter.4}% 23
\BOOKMARK [1][-]{section.4.3}{\376\377\000C\000o\000n\000f\000i\000a\000b\000i\000l\000i\000d\000a\000d\000e\000\040\000d\000a\000\040\000e\000x\000t\000r\000a\000\347\000\343\000o\000\040\000e\000\040\000c\000o\000b\000e\000r\000t\000u\000r\000a\000\040\000d\000a\000\040\000a\000q\000u\000i\000s\000i\000\347\000\343\000o}{chapter.4}% 24
\BOOKMARK [1][-]{section.4.4}{\376\377\000E\000s\000t\000a\000t\000\355\000s\000t\000i\000c\000a\000s\000\040\000d\000e\000s\000c\000r\000i\000t\000i\000v\000a\000s\000\040\000d\000a\000s\000\040\000v\000a\000r\000i\000\341\000v\000e\000i\000s}{chapter.4}% 25
\BOOKMARK [0][-]{chapter.5}{\376\377\000R\000e\000s\000u\000l\000t\000a\000d\000o\000s}{}% 26
\BOOKMARK [1][-]{section.5.1}{\376\377\000V\000a\000l\000i\000d\000a\000\347\000\343\000o\000\040\000d\000a\000\040\000m\000e\000d\000i\000d\000a\000\040\000d\000e\000\040\000m\000u\000d\000a\000n\000\347\000a\000\040\000t\000e\000x\000t\000u\000a\000l}{chapter.5}% 27
\BOOKMARK [1][-]{section.5.2}{\376\377\000R\000e\000s\000u\000l\000t\000a\000d\000o\000s\000\040\000d\000o\000\040\000m\000o\000d\000e\000l\000o\000\040\000p\000r\000i\000n\000c\000i\000p\000a\000l\000\040\000\050\000H\0001\000\051}{chapter.5}% 28
\BOOKMARK [1][-]{section.5.3}{\376\377\000T\000e\000s\000t\000e\000s\000\040\000d\000e\000\040\000r\000o\000b\000u\000s\000t\000e\000z}{chapter.5}% 29
\BOOKMARK [1][-]{section.5.4}{\376\377\000A\000n\000\341\000l\000i\000s\000e\000\040\000c\000o\000m\000p\000l\000e\000m\000e\000n\000t\000a\000r\000\040\000\050\000H\0002\000\051}{chapter.5}% 30
\BOOKMARK [0][-]{chapter.6}{\376\377\000C\000o\000n\000c\000l\000u\000s\000\343\000o}{}% 31
\BOOKMARK [0][-]{chapter*.20}{\376\377\000R\000e\000f\000e\000r\000\352\000n\000c\000i\000a\000s}{}% 32
